// Jest Snapshot v1, https://goo.gl/fbAQLP

exports[`Header should render the component 1`] = `
<div>
  <nav
    className="navbar navbar-inverse"
  >
    <div
      className="container-fluid"
    >
      <div
        className="navbar-logo"
      >
        <Link
          replace={false}
          to="/releases/all"
        >
          Main
        </Link>
        <ul
          className="right"
        >
          <div
            key="1"
          >
            <li
              key="1"
            >
              <Link
                replace={false}
                to="/releases/new"
              >
                Add New
              </Link>
            </li>
            <li
              key="2"
            >
              <a
                href="/api/logout"
              >
                Logout
              </a>
            </li>
          </div>
        </ul>
      </div>
    </div>
  </nav>
</div>
`;
