// Jest Snapshot v1, https://goo.gl/fbAQLP

exports[`ReleaseList should render the component 1`] = `
<div
  className="progress white"
>
  <div
    className="indeterminate green"
  />
</div>
`;
